// Jest Snapshot v1, https://goo.gl/fbAQLP

exports[`Game Over test cases GameOver render fail correctly 1`] = `
<DocumentFragment>
  <div
    class="css-1uy3707"
  >
    ðŸ˜“
  </div>
</DocumentFragment>
`;

exports[`Game Over test cases GameOver render win correctly 1`] = `
<DocumentFragment>
  <div
    class="css-1uy3707"
  >
    ðŸ˜Ž
  </div>
</DocumentFragment>
`;
